py : Creating test database for alias 'default' ('file:memorydb_default?mode=memory&cache=shared')...
At line:1 char:1
+ py manage.py test rooms.tests.test_consumers rooms.tests.test_drawing ...
+ ~~~~~~~~~~~~~~~~~~~~~~~~~~~~~~~~~~~~~~~~~~~~~~~~~~~~~~~~~~~~~~~~~~~~~
    + CategoryInfo          : NotSpecified: (Creating test d...che=shared')...:String) [], RemoteException
    + FullyQualifiedErrorId : NativeCommandError
 

Found 24 test(s).
Operations to perform:
  Synchronize unmigrated apps: channels, daphne, messages, staticfiles
  Apply all migrations: admin, auth, contenttypes, games, rooms, sessions, words
Synchronizing apps without migrations:
  Creating tables...
    Running deferred SQL...
Running migrations:
  Applying contenttypes.0001_initial... OK
  Applying auth.0001_initial... OK
  Applying admin.0001_initial... OK
  Applying admin.0002_logentry_remove_auto_add... OK
  Applying admin.0003_logentry_add_action_flag_choices... OK
  Applying contenttypes.0002_remove_content_type_name... OK
  Applying auth.0002_alter_permission_name_max_length... OK
  Applying auth.0003_alter_user_email_max_length... OK
  Applying auth.0004_alter_user_username_opts... OK
  Applying auth.0005_alter_user_last_login_null... OK
  Applying auth.0006_require_contenttypes_0002... OK
  Applying auth.0007_alter_validators_add_error_messages... OK
  Applying auth.0008_alter_user_username_max_length... OK
  Applying auth.0009_alter_user_last_name_max_length... OK
  Applying auth.0010_alter_group_name_max_length... OK
  Applying auth.0011_update_proxy_permissions... OK
  Applying auth.0012_alter_user_first_name_max_length... OK
  Applying rooms.0001_initial... OK
  Applying games.0001_initial... OK
  Applying games.0002_guess_is_correct... OK
  Applying words.0001_initial... OK
  Applying words.0002_seed_default_word_pack... OK
  Applying rooms.0002_room_word_pack... OK
  Applying rooms.0003_alter_player_connection_status... OK
test_connect_anonymous_rejected (rooms.tests.test_consumers.RoomConsumerTests.test_connect_anonymous_rejected) ... 
ERROR
test_connect_authenticated (rooms.tests.test_consumers.RoomConsumerTests.test_connect_authenticated) ... ERROR
test_reconnect_preserves_participant 
(rooms.tests.test_consumers.RoomConsumerTests.test_reconnect_preserves_participant) ... ERROR
test_room_broadcast_on_disconnect (rooms.tests.test_consumers.RoomConsumerTests.test_room_broadcast_on_disconnect) ... 
unhandled exception during asyncio.run() shutdown
task: <Task finished name='Task-39' coro=<CookieMiddleware.__call__() done, defined at 
C:\Users\chris\AppData\Local\Python\pythoncore-3.14-64\Lib\site-packages\channels\sessions.py:28> 
exception=NameError("name 'asyncio' is not defined")>
Traceback (most recent call last):
  File "C:\Users\chris\Documents\sketchit\sketchit\rooms\consumers.py", line 237, in connect
    await self.channel_layer.group_send(
    ...<5 lines>...
    )
  File "C:\Users\chris\AppData\Local\Python\pythoncore-3.14-64\Lib\site-packages\channels\layers.py", line 401, in 
group_send
    await send_result
  File "C:\Users\chris\AppData\Local\Python\pythoncore-3.14-64\Lib\asyncio\tasks.py", line 614, in _wait_for_one
    f = await self._done.get()
        ^^^^^^^^^^^^^^^^^^^^^^
  File "C:\Users\chris\AppData\Local\Python\pythoncore-3.14-64\Lib\asyncio\queues.py", line 186, in get
    await getter
asyncio.exceptions.CancelledError

During handling of the above exception, another exception occurred:

Traceback (most recent call last):
  File "C:\Users\chris\AppData\Local\Python\pythoncore-3.14-64\Lib\site-packages\channels\sessions.py", line 44, in 
__call__
    return await self.inner(dict(scope, cookies=cookies), receive, send)
           ^^^^^^^^^^^^^^^^^^^^^^^^^^^^^^^^^^^^^^^^^^^^^^^^^^^^^^^^^^^^^
  File "C:\Users\chris\AppData\Local\Python\pythoncore-3.14-64\Lib\site-packages\channels\sessions.py", line 261, in 
__call__
    return await self.inner(wrapper.scope, receive, wrapper.send)
           ^^^^^^^^^^^^^^^^^^^^^^^^^^^^^^^^^^^^^^^^^^^^^^^^^^^^^^
  File "C:\Users\chris\AppData\Local\Python\pythoncore-3.14-64\Lib\site-packages\channels\auth.py", line 185, in 
__call__
    return await super().__call__(scope, receive, send)
           ^^^^^^^^^^^^^^^^^^^^^^^^^^^^^^^^^^^^^^^^^^^^
  File "C:\Users\chris\AppData\Local\Python\pythoncore-3.14-64\Lib\site-packages\channels\middleware.py", line 24, in 
__call__
    return await self.inner(scope, receive, send)
           ^^^^^^^^^^^^^^^^^^^^^^^^^^^^^^^^^^^^^^
  File "C:\Users\chris\AppData\Local\Python\pythoncore-3.14-64\Lib\site-packages\channels\routing.py", line 118, in 
__call__
    return await application(
           ^^^^^^^^^^^^^^^^^^
    ...<10 lines>...
    )
    ^
  File "C:\Users\chris\AppData\Local\Python\pythoncore-3.14-64\Lib\site-packages\channels\consumer.py", line 95, in app
    return await consumer(scope, receive, send)
           ^^^^^^^^^^^^^^^^^^^^^^^^^^^^^^^^^^^^
  File "C:\Users\chris\AppData\Local\Python\pythoncore-3.14-64\Lib\site-packages\channels\consumer.py", line 58, in 
__call__
    await await_many_dispatch(
        [receive, self.channel_receive], self.dispatch
    )
  File "C:\Users\chris\AppData\Local\Python\pythoncore-3.14-64\Lib\site-packages\channels\utils.py", line 50, in 
await_many_dispatch
    await dispatch(result)
  File "C:\Users\chris\AppData\Local\Python\pythoncore-3.14-64\Lib\site-packages\channels\consumer.py", line 74, in 
dispatch
    await handler(message)
  File "C:\Users\chris\AppData\Local\Python\pythoncore-3.14-64\Lib\site-packages\channels\generic\websocket.py", line 
180, in websocket_connect
    await self.connect()
  File "C:\Users\chris\Documents\sketchit\sketchit\rooms\consumers.py", line 253, in connect
    except asyncio.CancelledError:
           ^^^^^^^
NameError: name 'asyncio' is not defined. Did you forget to import 'asyncio'?
ERROR
test_room_broadcast_on_join (rooms.tests.test_consumers.RoomConsumerTests.test_room_broadcast_on_join) ... unhandled 
exception during asyncio.run() shutdown
task: <Task finished name='Task-60' coro=<CookieMiddleware.__call__() done, defined at 
C:\Users\chris\AppData\Local\Python\pythoncore-3.14-64\Lib\site-packages\channels\sessions.py:28> 
exception=NameError("name 'asyncio' is not defined")>
Traceback (most recent call last):
  File "C:\Users\chris\Documents\sketchit\sketchit\rooms\consumers.py", line 237, in connect
    await self.channel_layer.group_send(
    ...<5 lines>...
    )
  File "C:\Users\chris\AppData\Local\Python\pythoncore-3.14-64\Lib\site-packages\channels\layers.py", line 401, in 
group_send
    await send_result
  File "C:\Users\chris\AppData\Local\Python\pythoncore-3.14-64\Lib\asyncio\tasks.py", line 614, in _wait_for_one
    f = await self._done.get()
        ^^^^^^^^^^^^^^^^^^^^^^
  File "C:\Users\chris\AppData\Local\Python\pythoncore-3.14-64\Lib\asyncio\queues.py", line 186, in get
    await getter
asyncio.exceptions.CancelledError

During handling of the above exception, another exception occurred:

Traceback (most recent call last):
  File "C:\Users\chris\AppData\Local\Python\pythoncore-3.14-64\Lib\site-packages\channels\sessions.py", line 44, in 
__call__
    return await self.inner(dict(scope, cookies=cookies), receive, send)
           ^^^^^^^^^^^^^^^^^^^^^^^^^^^^^^^^^^^^^^^^^^^^^^^^^^^^^^^^^^^^^
  File "C:\Users\chris\AppData\Local\Python\pythoncore-3.14-64\Lib\site-packages\channels\sessions.py", line 261, in 
__call__
    return await self.inner(wrapper.scope, receive, wrapper.send)
           ^^^^^^^^^^^^^^^^^^^^^^^^^^^^^^^^^^^^^^^^^^^^^^^^^^^^^^
  File "C:\Users\chris\AppData\Local\Python\pythoncore-3.14-64\Lib\site-packages\channels\auth.py", line 185, in 
__call__
    return await super().__call__(scope, receive, send)
           ^^^^^^^^^^^^^^^^^^^^^^^^^^^^^^^^^^^^^^^^^^^^
  File "C:\Users\chris\AppData\Local\Python\pythoncore-3.14-64\Lib\site-packages\channels\middleware.py", line 24, in 
__call__
    return await self.inner(scope, receive, send)
           ^^^^^^^^^^^^^^^^^^^^^^^^^^^^^^^^^^^^^^
  File "C:\Users\chris\AppData\Local\Python\pythoncore-3.14-64\Lib\site-packages\channels\routing.py", line 118, in 
__call__
    return await application(
           ^^^^^^^^^^^^^^^^^^
    ...<10 lines>...
    )
    ^
  File "C:\Users\chris\AppData\Local\Python\pythoncore-3.14-64\Lib\site-packages\channels\consumer.py", line 95, in app
    return await consumer(scope, receive, send)
           ^^^^^^^^^^^^^^^^^^^^^^^^^^^^^^^^^^^^
  File "C:\Users\chris\AppData\Local\Python\pythoncore-3.14-64\Lib\site-packages\channels\consumer.py", line 58, in 
__call__
    await await_many_dispatch(
        [receive, self.channel_receive], self.dispatch
    )
  File "C:\Users\chris\AppData\Local\Python\pythoncore-3.14-64\Lib\site-packages\channels\utils.py", line 50, in 
await_many_dispatch
    await dispatch(result)
  File "C:\Users\chris\AppData\Local\Python\pythoncore-3.14-64\Lib\site-packages\channels\consumer.py", line 74, in 
dispatch
    await handler(message)
  File "C:\Users\chris\AppData\Local\Python\pythoncore-3.14-64\Lib\site-packages\channels\generic\websocket.py", line 
180, in websocket_connect
    await self.connect()
  File "C:\Users\chris\Documents\sketchit\sketchit\rooms\consumers.py", line 253, in connect
    except asyncio.CancelledError:
           ^^^^^^^
NameError: name 'asyncio' is not defined. Did you forget to import 'asyncio'?
ERROR
test_drawer_can_broadcast_stroke (rooms.tests.test_drawing.DrawingEventTests.test_drawer_can_broadcast_stroke) ... FAIL
test_drawing_clear_deletes_redis_snapshot 
(rooms.tests.test_drawing.DrawingEventTests.test_drawing_clear_deletes_redis_snapshot) ... ok
test_drawing_end_stroke_broadcast (rooms.tests.test_drawing.DrawingEventTests.test_drawing_end_stroke_broadcast) ... ok
test_drawing_not_allowed_in_lobby (rooms.tests.test_drawing.DrawingEventTests.test_drawing_not_allowed_in_lobby) ... 
FAIL
test_multiple_viewers_receive_broadcast 
(rooms.tests.test_drawing.DrawingEventTests.test_multiple_viewers_receive_broadcast) ... ok
test_non_drawer_cannot_broadcast_stroke 
(rooms.tests.test_drawing.DrawingEventTests.test_non_drawer_cannot_broadcast_stroke) ... unhandled exception during 
asyncio.run() shutdown
task: <Task finished name='Task-266' coro=<CookieMiddleware.__call__() done, defined at 
C:\Users\chris\AppData\Local\Python\pythoncore-3.14-64\Lib\site-packages\channels\sessions.py:28> 
exception=NameError("name 'asyncio' is not defined")>
Traceback (most recent call last):
  File "C:\Users\chris\Documents\sketchit\sketchit\rooms\consumers.py", line 237, in connect
    await self.channel_layer.group_send(
    ...<5 lines>...
    )
  File "C:\Users\chris\AppData\Local\Python\pythoncore-3.14-64\Lib\site-packages\channels\layers.py", line 401, in 
group_send
    await send_result
  File "C:\Users\chris\AppData\Local\Python\pythoncore-3.14-64\Lib\asyncio\tasks.py", line 614, in _wait_for_one
    f = await self._done.get()
        ^^^^^^^^^^^^^^^^^^^^^^
  File "C:\Users\chris\AppData\Local\Python\pythoncore-3.14-64\Lib\asyncio\queues.py", line 186, in get
    await getter
asyncio.exceptions.CancelledError

During handling of the above exception, another exception occurred:

Traceback (most recent call last):
  File "C:\Users\chris\AppData\Local\Python\pythoncore-3.14-64\Lib\site-packages\channels\sessions.py", line 44, in 
__call__
    return await self.inner(dict(scope, cookies=cookies), receive, send)
           ^^^^^^^^^^^^^^^^^^^^^^^^^^^^^^^^^^^^^^^^^^^^^^^^^^^^^^^^^^^^^
  File "C:\Users\chris\AppData\Local\Python\pythoncore-3.14-64\Lib\site-packages\channels\sessions.py", line 261, in 
__call__
    return await self.inner(wrapper.scope, receive, wrapper.send)
           ^^^^^^^^^^^^^^^^^^^^^^^^^^^^^^^^^^^^^^^^^^^^^^^^^^^^^^
  File "C:\Users\chris\AppData\Local\Python\pythoncore-3.14-64\Lib\site-packages\channels\auth.py", line 185, in 
__call__
    return await super().__call__(scope, receive, send)
           ^^^^^^^^^^^^^^^^^^^^^^^^^^^^^^^^^^^^^^^^^^^^
  File "C:\Users\chris\AppData\Local\Python\pythoncore-3.14-64\Lib\site-packages\channels\middleware.py", line 24, in 
__call__
    return await self.inner(scope, receive, send)
           ^^^^^^^^^^^^^^^^^^^^^^^^^^^^^^^^^^^^^^
  File "C:\Users\chris\AppData\Local\Python\pythoncore-3.14-64\Lib\site-packages\channels\routing.py", line 118, in 
__call__
    return await application(
           ^^^^^^^^^^^^^^^^^^
    ...<10 lines>...
    )
    ^
  File "C:\Users\chris\AppData\Local\Python\pythoncore-3.14-64\Lib\site-packages\channels\consumer.py", line 95, in app
    return await consumer(scope, receive, send)
           ^^^^^^^^^^^^^^^^^^^^^^^^^^^^^^^^^^^^
  File "C:\Users\chris\AppData\Local\Python\pythoncore-3.14-64\Lib\site-packages\channels\consumer.py", line 58, in 
__call__
    await await_many_dispatch(
        [receive, self.channel_receive], self.dispatch
    )
  File "C:\Users\chris\AppData\Local\Python\pythoncore-3.14-64\Lib\site-packages\channels\utils.py", line 50, in 
await_many_dispatch
    await dispatch(result)
  File "C:\Users\chris\AppData\Local\Python\pythoncore-3.14-64\Lib\site-packages\channels\consumer.py", line 74, in 
dispatch
    await handler(message)
  File "C:\Users\chris\AppData\Local\Python\pythoncore-3.14-64\Lib\site-packages\channels\generic\websocket.py", line 
180, in websocket_connect
    await self.connect()
  File "C:\Users\chris\Documents\sketchit\sketchit\rooms\consumers.py", line 253, in connect
    except asyncio.CancelledError:
           ^^^^^^^
NameError: name 'asyncio' is not defined. Did you forget to import 'asyncio'?
FAIL
test_client_receives_snapshot_on_connect 
(rooms.tests.test_drawing.SnapshotSyncTests.test_client_receives_snapshot_on_connect) ... ok
test_no_snapshot_sent_if_redis_empty (rooms.tests.test_drawing.SnapshotSyncTests.test_no_snapshot_sent_if_redis_empty) 
... FAIL
test_snapshot_accumulation (rooms.tests.test_drawing.SnapshotSyncTests.test_snapshot_accumulation) ... ok
test_snapshot_isolation_between_rounds 
(rooms.tests.test_drawing.SnapshotSyncTests.test_snapshot_isolation_between_rounds) ... FAIL
test_correct_guess_broadcast (rooms.tests.test_guesses.GuessPipelineTests.test_correct_guess_broadcast) ... FAIL
test_drawer_cannot_guess (rooms.tests.test_guesses.GuessPipelineTests.test_drawer_cannot_guess) ... ok
test_guess_broadcast_visibility (rooms.tests.test_guesses.GuessPipelineTests.test_guess_broadcast_visibility) ... ok
test_guess_empty_text (rooms.tests.test_guesses.GuessPipelineTests.test_guess_empty_text) ... ok
test_guess_no_active_round (rooms.tests.test_guesses.GuessPipelineTests.test_guess_no_active_round) ... ok
test_guess_submission_delegates_to_game_service 
(rooms.tests.test_guesses.GuessPipelineTests.test_guess_submission_delegates_to_game_service) ... ok
test_incorrect_guess_broadcast (rooms.tests.test_guesses.GuessPipelineTests.test_incorrect_guess_broadcast) ... ok
test_service_validation_error_becomes_guess_error 
(rooms.tests.test_guesses.GuessPipelineTests.test_service_validation_error_becomes_guess_error) ... ok
test_valid_guess_is_persisted_on_active_round 
(rooms.tests.test_guesses.GuessPipelineTests.test_valid_guess_is_persisted_on_active_round) ... ok

======================================================================
ERROR: test_connect_anonymous_rejected (rooms.tests.test_consumers.RoomConsumerTests.test_connect_anonymous_rejected)
----------------------------------------------------------------------
Traceback (most recent call last):
  File "C:\Users\chris\AppData\Local\Python\pythoncore-3.14-64\Lib\site-packages\asgiref\testing.py", line 110, in 
receive_output
    return await self.output_queue.get()
           ^^^^^^^^^^^^^^^^^^^^^^^^^^^^^
  File "C:\Users\chris\AppData\Local\Python\pythoncore-3.14-64\Lib\asyncio\queues.py", line 186, in get
    await getter
asyncio.exceptions.CancelledError

During handling of the above exception, another exception occurred:

Traceback (most recent call last):
  File "C:\Users\chris\AppData\Local\Python\pythoncore-3.14-64\Lib\site-packages\asgiref\testing.py", line 109, in 
receive_output
    async with async_timeout(timeout):
               ~~~~~~~~~~~~~^^^^^^^^^
  File "C:\Users\chris\AppData\Local\Python\pythoncore-3.14-64\Lib\site-packages\asgiref\timeout.py", line 71, in 
__aexit__
    self._do_exit(exc_type)
    ~~~~~~~~~~~~~^^^^^^^^^^
  File "C:\Users\chris\AppData\Local\Python\pythoncore-3.14-64\Lib\site-packages\asgiref\timeout.py", line 108, in 
_do_exit
    raise asyncio.TimeoutError
TimeoutError

During handling of the above exception, another exception occurred:

Traceback (most recent call last):
  File "C:\Users\chris\AppData\Local\Python\pythoncore-3.14-64\Lib\site-packages\asgiref\sync.py", line 325, in 
__call__
    return call_result.result()
           ~~~~~~~~~~~~~~~~~~^^
  File "C:\Users\chris\AppData\Local\Python\pythoncore-3.14-64\Lib\concurrent\futures\_base.py", line 443, in result
    return self.__get_result()
           ~~~~~~~~~~~~~~~~~^^
  File "C:\Users\chris\AppData\Local\Python\pythoncore-3.14-64\Lib\concurrent\futures\_base.py", line 395, in 
__get_result
    raise self._exception
  File "C:\Users\chris\AppData\Local\Python\pythoncore-3.14-64\Lib\site-packages\asgiref\sync.py", line 365, in 
main_wrap
    result = await awaitable
             ^^^^^^^^^^^^^^^
  File "C:\Users\chris\Documents\sketchit\sketchit\rooms\tests\test_consumers.py", line 227, in 
test_connect_anonymous_rejected
    connected, _ = await communicator.connect()
                   ^^^^^^^^^^^^^^^^^^^^^^^^^^^^
  File "C:\Users\chris\AppData\Local\Python\pythoncore-3.14-64\Lib\site-packages\channels\testing\websocket.py", line 
41, in connect
    response = await self.receive_output(timeout)
               ^^^^^^^^^^^^^^^^^^^^^^^^^^^^^^^^^^
  File "C:\Users\chris\AppData\Local\Python\pythoncore-3.14-64\Lib\site-packages\channels\testing\application.py", 
line 17, in receive_output
    return await super().receive_output(timeout)
           ^^^^^^^^^^^^^^^^^^^^^^^^^^^^^^^^^^^^^
  File "C:\Users\chris\AppData\Local\Python\pythoncore-3.14-64\Lib\site-packages\asgiref\testing.py", line 114, in 
receive_output
    self.future.result()
    ~~~~~~~~~~~~~~~~~~^^
  File "C:\Users\chris\AppData\Local\Python\pythoncore-3.14-64\Lib\site-packages\channels\sessions.py", line 44, in 
__call__
    return await self.inner(dict(scope, cookies=cookies), receive, send)
           ^^^^^^^^^^^^^^^^^^^^^^^^^^^^^^^^^^^^^^^^^^^^^^^^^^^^^^^^^^^^^
  File "C:\Users\chris\AppData\Local\Python\pythoncore-3.14-64\Lib\site-packages\channels\sessions.py", line 261, in 
__call__
    return await self.inner(wrapper.scope, receive, wrapper.send)
           ^^^^^^^^^^^^^^^^^^^^^^^^^^^^^^^^^^^^^^^^^^^^^^^^^^^^^^
  File "C:\Users\chris\AppData\Local\Python\pythoncore-3.14-64\Lib\site-packages\channels\auth.py", line 185, in 
__call__
    return await super().__call__(scope, receive, send)
           ^^^^^^^^^^^^^^^^^^^^^^^^^^^^^^^^^^^^^^^^^^^^
  File "C:\Users\chris\AppData\Local\Python\pythoncore-3.14-64\Lib\site-packages\channels\middleware.py", line 24, in 
__call__
    return await self.inner(scope, receive, send)
           ^^^^^^^^^^^^^^^^^^^^^^^^^^^^^^^^^^^^^^
  File "C:\Users\chris\AppData\Local\Python\pythoncore-3.14-64\Lib\site-packages\channels\routing.py", line 136, in 
__call__
    raise ValueError("No route found for path %r." % path)
ValueError: No route found for path 'ws/rooms/NONEXISTENT/'.

======================================================================
ERROR: test_connect_authenticated (rooms.tests.test_consumers.RoomConsumerTests.test_connect_authenticated)
----------------------------------------------------------------------
Traceback (most recent call last):
  File "C:\Users\chris\AppData\Local\Python\pythoncore-3.14-64\Lib\site-packages\asgiref\sync.py", line 506, in 
__call__
    ret = await asyncio.shield(exec_coro)
          ^^^^^^^^^^^^^^^^^^^^^^^^^^^^^^^
asyncio.exceptions.CancelledError

During handling of the above exception, another exception occurred:

Traceback (most recent call last):
  File "C:\Users\chris\Documents\sketchit\sketchit\rooms\consumers.py", line 251, in connect
    for event in await _get_runtime_sync_events(self.join_code, self.player.id):
                 ^^^^^^^^^^^^^^^^^^^^^^^^^^^^^^^^^^^^^^^^^^^^^^^^^^^^^^^^^^^^^^
  File "C:\Users\chris\AppData\Local\Python\pythoncore-3.14-64\Lib\site-packages\asgiref\sync.py", line 523, in 
__call__
    ret = await exec_coro
          ^^^^^^^^^^^^^^^
asyncio.exceptions.CancelledError

During handling of the above exception, another exception occurred:

Traceback (most recent call last):
  File "C:\Users\chris\AppData\Local\Python\pythoncore-3.14-64\Lib\site-packages\asgiref\sync.py", line 325, in 
__call__
    return call_result.result()
           ~~~~~~~~~~~~~~~~~~^^
  File "C:\Users\chris\AppData\Local\Python\pythoncore-3.14-64\Lib\concurrent\futures\_base.py", line 443, in result
    return self.__get_result()
           ~~~~~~~~~~~~~~~~~^^
  File "C:\Users\chris\AppData\Local\Python\pythoncore-3.14-64\Lib\concurrent\futures\_base.py", line 395, in 
__get_result
    raise self._exception
  File "C:\Users\chris\AppData\Local\Python\pythoncore-3.14-64\Lib\site-packages\asgiref\sync.py", line 365, in 
main_wrap
    result = await awaitable
             ^^^^^^^^^^^^^^^
  File "C:\Users\chris\Documents\sketchit\sketchit\rooms\tests\test_consumers.py", line 223, in 
test_connect_authenticated
    await communicator.disconnect()
  File "C:\Users\chris\AppData\Local\Python\pythoncore-3.14-64\Lib\site-packages\channels\testing\websocket.py", line 
115, in disconnect
    await self.wait(timeout)
  File "C:\Users\chris\AppData\Local\Python\pythoncore-3.14-64\Lib\site-packages\asgiref\testing.py", line 58, in wait
    await self.future
  File "C:\Users\chris\AppData\Local\Python\pythoncore-3.14-64\Lib\site-packages\channels\sessions.py", line 44, in 
__call__
    return await self.inner(dict(scope, cookies=cookies), receive, send)
           ^^^^^^^^^^^^^^^^^^^^^^^^^^^^^^^^^^^^^^^^^^^^^^^^^^^^^^^^^^^^^
  File "C:\Users\chris\AppData\Local\Python\pythoncore-3.14-64\Lib\site-packages\channels\sessions.py", line 261, in 
__call__
    return await self.inner(wrapper.scope, receive, wrapper.send)
           ^^^^^^^^^^^^^^^^^^^^^^^^^^^^^^^^^^^^^^^^^^^^^^^^^^^^^^
  File "C:\Users\chris\AppData\Local\Python\pythoncore-3.14-64\Lib\site-packages\channels\auth.py", line 185, in 
__call__
    return await super().__call__(scope, receive, send)
           ^^^^^^^^^^^^^^^^^^^^^^^^^^^^^^^^^^^^^^^^^^^^
  File "C:\Users\chris\AppData\Local\Python\pythoncore-3.14-64\Lib\site-packages\channels\middleware.py", line 24, in 
__call__
    return await self.inner(scope, receive, send)
           ^^^^^^^^^^^^^^^^^^^^^^^^^^^^^^^^^^^^^^
  File "C:\Users\chris\AppData\Local\Python\pythoncore-3.14-64\Lib\site-packages\channels\routing.py", line 118, in 
__call__
    return await application(
           ^^^^^^^^^^^^^^^^^^
    ...<10 lines>...
    )
    ^
  File "C:\Users\chris\AppData\Local\Python\pythoncore-3.14-64\Lib\site-packages\channels\consumer.py", line 95, in app
    return await consumer(scope, receive, send)
           ^^^^^^^^^^^^^^^^^^^^^^^^^^^^^^^^^^^^
  File "C:\Users\chris\AppData\Local\Python\pythoncore-3.14-64\Lib\site-packages\channels\consumer.py", line 58, in 
__call__
    await await_many_dispatch(
        [receive, self.channel_receive], self.dispatch
    )
  File "C:\Users\chris\AppData\Local\Python\pythoncore-3.14-64\Lib\site-packages\channels\utils.py", line 50, in 
await_many_dispatch
    await dispatch(result)
  File "C:\Users\chris\AppData\Local\Python\pythoncore-3.14-64\Lib\site-packages\channels\consumer.py", line 74, in 
dispatch
    await handler(message)
  File "C:\Users\chris\AppData\Local\Python\pythoncore-3.14-64\Lib\site-packages\channels\generic\websocket.py", line 
180, in websocket_connect
    await self.connect()
  File "C:\Users\chris\Documents\sketchit\sketchit\rooms\consumers.py", line 253, in connect
    except asyncio.CancelledError:
           ^^^^^^^
NameError: name 'asyncio' is not defined. Did you forget to import 'asyncio'?

======================================================================
ERROR: test_reconnect_preserves_participant 
(rooms.tests.test_consumers.RoomConsumerTests.test_reconnect_preserves_participant)
----------------------------------------------------------------------
Traceback (most recent call last):
  File "C:\Users\chris\AppData\Local\Python\pythoncore-3.14-64\Lib\site-packages\asgiref\sync.py", line 506, in 
__call__
    ret = await asyncio.shield(exec_coro)
          ^^^^^^^^^^^^^^^^^^^^^^^^^^^^^^^
asyncio.exceptions.CancelledError

During handling of the above exception, another exception occurred:

Traceback (most recent call last):
  File "C:\Users\chris\Documents\sketchit\sketchit\rooms\consumers.py", line 251, in connect
    for event in await _get_runtime_sync_events(self.join_code, self.player.id):
                 ^^^^^^^^^^^^^^^^^^^^^^^^^^^^^^^^^^^^^^^^^^^^^^^^^^^^^^^^^^^^^^
  File "C:\Users\chris\AppData\Local\Python\pythoncore-3.14-64\Lib\site-packages\asgiref\sync.py", line 523, in 
__call__
    ret = await exec_coro
          ^^^^^^^^^^^^^^^
asyncio.exceptions.CancelledError

During handling of the above exception, another exception occurred:

Traceback (most recent call last):
  File "C:\Users\chris\AppData\Local\Python\pythoncore-3.14-64\Lib\site-packages\asgiref\sync.py", line 325, in 
__call__
    return call_result.result()
           ~~~~~~~~~~~~~~~~~~^^
  File "C:\Users\chris\AppData\Local\Python\pythoncore-3.14-64\Lib\concurrent\futures\_base.py", line 443, in result
    return self.__get_result()
           ~~~~~~~~~~~~~~~~~^^
  File "C:\Users\chris\AppData\Local\Python\pythoncore-3.14-64\Lib\concurrent\futures\_base.py", line 395, in 
__get_result
    raise self._exception
  File "C:\Users\chris\AppData\Local\Python\pythoncore-3.14-64\Lib\site-packages\asgiref\sync.py", line 365, in 
main_wrap
    result = await awaitable
             ^^^^^^^^^^^^^^^
  File "C:\Users\chris\Documents\sketchit\sketchit\rooms\tests\test_consumers.py", line 293, in 
test_reconnect_preserves_participant
    await communicator.disconnect()
  File "C:\Users\chris\AppData\Local\Python\pythoncore-3.14-64\Lib\site-packages\channels\testing\websocket.py", line 
115, in disconnect
    await self.wait(timeout)
  File "C:\Users\chris\AppData\Local\Python\pythoncore-3.14-64\Lib\site-packages\asgiref\testing.py", line 58, in wait
    await self.future
  File "C:\Users\chris\AppData\Local\Python\pythoncore-3.14-64\Lib\site-packages\channels\sessions.py", line 44, in 
__call__
    return await self.inner(dict(scope, cookies=cookies), receive, send)
           ^^^^^^^^^^^^^^^^^^^^^^^^^^^^^^^^^^^^^^^^^^^^^^^^^^^^^^^^^^^^^
  File "C:\Users\chris\AppData\Local\Python\pythoncore-3.14-64\Lib\site-packages\channels\sessions.py", line 261, in 
__call__
    return await self.inner(wrapper.scope, receive, wrapper.send)
           ^^^^^^^^^^^^^^^^^^^^^^^^^^^^^^^^^^^^^^^^^^^^^^^^^^^^^^
  File "C:\Users\chris\AppData\Local\Python\pythoncore-3.14-64\Lib\site-packages\channels\auth.py", line 185, in 
__call__
    return await super().__call__(scope, receive, send)
           ^^^^^^^^^^^^^^^^^^^^^^^^^^^^^^^^^^^^^^^^^^^^
  File "C:\Users\chris\AppData\Local\Python\pythoncore-3.14-64\Lib\site-packages\channels\middleware.py", line 24, in 
__call__
    return await self.inner(scope, receive, send)
           ^^^^^^^^^^^^^^^^^^^^^^^^^^^^^^^^^^^^^^
  File "C:\Users\chris\AppData\Local\Python\pythoncore-3.14-64\Lib\site-packages\channels\routing.py", line 118, in 
__call__
    return await application(
           ^^^^^^^^^^^^^^^^^^
    ...<10 lines>...
    )
    ^
  File "C:\Users\chris\AppData\Local\Python\pythoncore-3.14-64\Lib\site-packages\channels\consumer.py", line 95, in app
    return await consumer(scope, receive, send)
           ^^^^^^^^^^^^^^^^^^^^^^^^^^^^^^^^^^^^
  File "C:\Users\chris\AppData\Local\Python\pythoncore-3.14-64\Lib\site-packages\channels\consumer.py", line 58, in 
__call__
    await await_many_dispatch(
        [receive, self.channel_receive], self.dispatch
    )
  File "C:\Users\chris\AppData\Local\Python\pythoncore-3.14-64\Lib\site-packages\channels\utils.py", line 50, in 
await_many_dispatch
    await dispatch(result)
  File "C:\Users\chris\AppData\Local\Python\pythoncore-3.14-64\Lib\site-packages\channels\consumer.py", line 74, in 
dispatch
    await handler(message)
  File "C:\Users\chris\AppData\Local\Python\pythoncore-3.14-64\Lib\site-packages\channels\generic\websocket.py", line 
180, in websocket_connect
    await self.connect()
  File "C:\Users\chris\Documents\sketchit\sketchit\rooms\consumers.py", line 253, in connect
    except asyncio.CancelledError:
           ^^^^^^^
NameError: name 'asyncio' is not defined. Did you forget to import 'asyncio'?

======================================================================
ERROR: test_room_broadcast_on_disconnect 
(rooms.tests.test_consumers.RoomConsumerTests.test_room_broadcast_on_disconnect)
----------------------------------------------------------------------
Traceback (most recent call last):
  File "C:\Users\chris\AppData\Local\Python\pythoncore-3.14-64\Lib\site-packages\redis\connection.py", line 389, in 
connect_check_health
    sock = self.retry.call_with_retry(
        lambda: self._connect(), lambda error: self.disconnect(error)
    )
  File "C:\Users\chris\AppData\Local\Python\pythoncore-3.14-64\Lib\site-packages\redis\retry.py", line 105, in 
call_with_retry
    return do()
  File "C:\Users\chris\AppData\Local\Python\pythoncore-3.14-64\Lib\site-packages\redis\connection.py", line 390, in 
<lambda>
    lambda: self._connect(), lambda error: self.disconnect(error)
            ~~~~~~~~~~~~~^^
  File "C:\Users\chris\AppData\Local\Python\pythoncore-3.14-64\Lib\site-packages\redis\connection.py", line 803, in 
_connect
    raise err
  File "C:\Users\chris\AppData\Local\Python\pythoncore-3.14-64\Lib\site-packages\redis\connection.py", line 787, in 
_connect
    sock.connect(socket_address)
    ~~~~~~~~~~~~^^^^^^^^^^^^^^^^
ConnectionRefusedError: [WinError 10061] No connection could be made because the target machine actively refused it

During handling of the above exception, another exception occurred:

Traceback (most recent call last):
  File "C:\Users\chris\Documents\sketchit\sketchit\rooms\consumers.py", line 251, in connect
    for event in await _get_runtime_sync_events(self.join_code, self.player.id):
                 ^^^^^^^^^^^^^^^^^^^^^^^^^^^^^^^^^^^^^^^^^^^^^^^^^^^^^^^^^^^^^^
  File "C:\Users\chris\AppData\Local\Python\pythoncore-3.14-64\Lib\site-packages\asgiref\sync.py", line 506, in 
__call__
    ret = await asyncio.shield(exec_coro)
          ^^^^^^^^^^^^^^^^^^^^^^^^^^^^^^^
  File "C:\Users\chris\AppData\Local\Python\pythoncore-3.14-64\Lib\site-packages\asgiref\current_thread_executor.py", 
line 40, in run
    result = self.fn(*self.args, **self.kwargs)
  File "C:\Users\chris\AppData\Local\Python\pythoncore-3.14-64\Lib\site-packages\channels\db.py", line 13, in 
thread_handler
    return super().thread_handler(loop, *args, **kwargs)
           ~~~~~~~~~~~~~~~~~~~~~~^^^^^^^^^^^^^^^^^^^^^^^
  File "C:\Users\chris\AppData\Local\Python\pythoncore-3.14-64\Lib\site-packages\asgiref\sync.py", line 561, in 
thread_handler
    return func(*args, **kwargs)
  File "C:\Users\chris\Documents\sketchit\sketchit\rooms\consumers.py", line 137, in _get_runtime_sync_events
    return game_runtime.get_sync_events_for_player(join_code, player_id)
           ~~~~~~~~~~~~~~~~~~~~~~~~~~~~~~~~~~~~~~~^^^^^^^^^^^^^^^^^^^^^^
  File "C:\Users\chris\Documents\sketchit\sketchit\games\runtime.py", line 635, in get_sync_events_for_player
    turn_state = game_redis.get_turn_state(client, join_code)
  File "C:\Users\chris\Documents\sketchit\sketchit\games\redis.py", line 121, in get_turn_state
    raw = client.hgetall(_turn_state_key(join_code))
  File "C:\Users\chris\AppData\Local\Python\pythoncore-3.14-64\Lib\site-packages\redis\commands\core.py", line 5021, 
in hgetall
    return self.execute_command("HGETALL", name, keys=[name])
           ~~~~~~~~~~~~~~~~~~~~^^^^^^^^^^^^^^^^^^^^^^^^^^^^^^
  File "C:\Users\chris\AppData\Local\Python\pythoncore-3.14-64\Lib\site-packages\redis\client.py", line 621, in 
execute_command
    return self._execute_command(*args, **options)
           ~~~~~~~~~~~~~~~~~~~~~^^^^^^^^^^^^^^^^^^
  File "C:\Users\chris\AppData\Local\Python\pythoncore-3.14-64\Lib\site-packages\redis\client.py", line 627, in 
_execute_command
    conn = self.connection or pool.get_connection()
                              ~~~~~~~~~~~~~~~~~~~^^
  File "C:\Users\chris\AppData\Local\Python\pythoncore-3.14-64\Lib\site-packages\redis\utils.py", line 195, in wrapper
    return func(*args, **kwargs)
  File "C:\Users\chris\AppData\Local\Python\pythoncore-3.14-64\Lib\site-packages\redis\connection.py", line 1533, in 
get_connection
    connection.connect()
    ~~~~~~~~~~~~~~~~~~^^
  File "C:\Users\chris\AppData\Local\Python\pythoncore-3.14-64\Lib\site-packages\redis\connection.py", line 380, in 
connect
    self.connect_check_health(check_health=True)
    ~~~~~~~~~~~~~~~~~~~~~~~~~^^^^^^^^^^^^^^^^^^^
  File "C:\Users\chris\AppData\Local\Python\pythoncore-3.14-64\Lib\site-packages\redis\connection.py", line 397, in 
connect_check_health
    raise ConnectionError(self._error_message(e))
redis.exceptions.ConnectionError: Error 10061 connecting to 127.0.0.1:6379. No connection could be made because the 
target machine actively refused it.

During handling of the above exception, another exception occurred:

Traceback (most recent call last):
  File "C:\Users\chris\AppData\Local\Python\pythoncore-3.14-64\Lib\site-packages\asgiref\sync.py", line 325, in 
__call__
    return call_result.result()
           ~~~~~~~~~~~~~~~~~~^^
  File "C:\Users\chris\AppData\Local\Python\pythoncore-3.14-64\Lib\concurrent\futures\_base.py", line 443, in result
    return self.__get_result()
           ~~~~~~~~~~~~~~~~~^^
  File "C:\Users\chris\AppData\Local\Python\pythoncore-3.14-64\Lib\concurrent\futures\_base.py", line 395, in 
__get_result
    raise self._exception
  File "C:\Users\chris\AppData\Local\Python\pythoncore-3.14-64\Lib\site-packages\asgiref\sync.py", line 365, in 
main_wrap
    result = await awaitable
             ^^^^^^^^^^^^^^^
  File "C:\Users\chris\Documents\sketchit\sketchit\rooms\tests\test_consumers.py", line 273, in 
test_room_broadcast_on_disconnect
    await host_communicator.receive_json_from()
  File "C:\Users\chris\AppData\Local\Python\pythoncore-3.14-64\Lib\site-packages\channels\testing\websocket.py", line 
104, in receive_json_from
    payload = await self.receive_from(timeout)
              ^^^^^^^^^^^^^^^^^^^^^^^^^^^^^^^^
  File "C:\Users\chris\AppData\Local\Python\pythoncore-3.14-64\Lib\site-packages\channels\testing\websocket.py", line 
79, in receive_from
    response = await self.receive_output(timeout)
               ^^^^^^^^^^^^^^^^^^^^^^^^^^^^^^^^^^
  File "C:\Users\chris\AppData\Local\Python\pythoncore-3.14-64\Lib\site-packages\channels\testing\application.py", 
line 17, in receive_output
    return await super().receive_output(timeout)
           ^^^^^^^^^^^^^^^^^^^^^^^^^^^^^^^^^^^^^
  File "C:\Users\chris\AppData\Local\Python\pythoncore-3.14-64\Lib\site-packages\asgiref\testing.py", line 106, in 
receive_output
    self.future.result()
    ~~~~~~~~~~~~~~~~~~^^
  File "C:\Users\chris\AppData\Local\Python\pythoncore-3.14-64\Lib\site-packages\channels\sessions.py", line 44, in 
__call__
    return await self.inner(dict(scope, cookies=cookies), receive, send)
           ^^^^^^^^^^^^^^^^^^^^^^^^^^^^^^^^^^^^^^^^^^^^^^^^^^^^^^^^^^^^^
  File "C:\Users\chris\AppData\Local\Python\pythoncore-3.14-64\Lib\site-packages\channels\sessions.py", line 261, in 
__call__
    return await self.inner(wrapper.scope, receive, wrapper.send)
           ^^^^^^^^^^^^^^^^^^^^^^^^^^^^^^^^^^^^^^^^^^^^^^^^^^^^^^
  File "C:\Users\chris\AppData\Local\Python\pythoncore-3.14-64\Lib\site-packages\channels\auth.py", line 185, in 
__call__
    return await super().__call__(scope, receive, send)
           ^^^^^^^^^^^^^^^^^^^^^^^^^^^^^^^^^^^^^^^^^^^^
  File "C:\Users\chris\AppData\Local\Python\pythoncore-3.14-64\Lib\site-packages\channels\middleware.py", line 24, in 
__call__
    return await self.inner(scope, receive, send)
           ^^^^^^^^^^^^^^^^^^^^^^^^^^^^^^^^^^^^^^
  File "C:\Users\chris\AppData\Local\Python\pythoncore-3.14-64\Lib\site-packages\channels\routing.py", line 118, in 
__call__
    return await application(
           ^^^^^^^^^^^^^^^^^^
    ...<10 lines>...
    )
    ^
  File "C:\Users\chris\AppData\Local\Python\pythoncore-3.14-64\Lib\site-packages\channels\consumer.py", line 95, in app
    return await consumer(scope, receive, send)
           ^^^^^^^^^^^^^^^^^^^^^^^^^^^^^^^^^^^^
  File "C:\Users\chris\AppData\Local\Python\pythoncore-3.14-64\Lib\site-packages\channels\consumer.py", line 58, in 
__call__
    await await_many_dispatch(
        [receive, self.channel_receive], self.dispatch
    )
  File "C:\Users\chris\AppData\Local\Python\pythoncore-3.14-64\Lib\site-packages\channels\utils.py", line 50, in 
await_many_dispatch
    await dispatch(result)
  File "C:\Users\chris\AppData\Local\Python\pythoncore-3.14-64\Lib\site-packages\channels\consumer.py", line 74, in 
dispatch
    await handler(message)
  File "C:\Users\chris\AppData\Local\Python\pythoncore-3.14-64\Lib\site-packages\channels\generic\websocket.py", line 
180, in websocket_connect
    await self.connect()
  File "C:\Users\chris\Documents\sketchit\sketchit\rooms\consumers.py", line 253, in connect
    except asyncio.CancelledError:
           ^^^^^^^
NameError: name 'asyncio' is not defined. Did you forget to import 'asyncio'?

======================================================================
ERROR: test_room_broadcast_on_join (rooms.tests.test_consumers.RoomConsumerTests.test_room_broadcast_on_join)
----------------------------------------------------------------------
Traceback (most recent call last):
  File "C:\Users\chris\AppData\Local\Python\pythoncore-3.14-64\Lib\site-packages\redis\connection.py", line 389, in 
connect_check_health
    sock = self.retry.call_with_retry(
        lambda: self._connect(), lambda error: self.disconnect(error)
    )
  File "C:\Users\chris\AppData\Local\Python\pythoncore-3.14-64\Lib\site-packages\redis\retry.py", line 105, in 
call_with_retry
    return do()
  File "C:\Users\chris\AppData\Local\Python\pythoncore-3.14-64\Lib\site-packages\redis\connection.py", line 390, in 
<lambda>
    lambda: self._connect(), lambda error: self.disconnect(error)
            ~~~~~~~~~~~~~^^
  File "C:\Users\chris\AppData\Local\Python\pythoncore-3.14-64\Lib\site-packages\redis\connection.py", line 803, in 
_connect
    raise err
  File "C:\Users\chris\AppData\Local\Python\pythoncore-3.14-64\Lib\site-packages\redis\connection.py", line 787, in 
_connect
    sock.connect(socket_address)
    ~~~~~~~~~~~~^^^^^^^^^^^^^^^^
ConnectionRefusedError: [WinError 10061] No connection could be made because the target machine actively refused it

During handling of the above exception, another exception occurred:

Traceback (most recent call last):
  File "C:\Users\chris\Documents\sketchit\sketchit\rooms\consumers.py", line 251, in connect
    for event in await _get_runtime_sync_events(self.join_code, self.player.id):
                 ^^^^^^^^^^^^^^^^^^^^^^^^^^^^^^^^^^^^^^^^^^^^^^^^^^^^^^^^^^^^^^
  File "C:\Users\chris\AppData\Local\Python\pythoncore-3.14-64\Lib\site-packages\asgiref\sync.py", line 506, in 
__call__
    ret = await asyncio.shield(exec_coro)
          ^^^^^^^^^^^^^^^^^^^^^^^^^^^^^^^
  File "C:\Users\chris\AppData\Local\Python\pythoncore-3.14-64\Lib\site-packages\asgiref\current_thread_executor.py", 
line 40, in run
    result = self.fn(*self.args, **self.kwargs)
  File "C:\Users\chris\AppData\Local\Python\pythoncore-3.14-64\Lib\site-packages\channels\db.py", line 13, in 
thread_handler
    return super().thread_handler(loop, *args, **kwargs)
           ~~~~~~~~~~~~~~~~~~~~~~^^^^^^^^^^^^^^^^^^^^^^^
  File "C:\Users\chris\AppData\Local\Python\pythoncore-3.14-64\Lib\site-packages\asgiref\sync.py", line 561, in 
thread_handler
    return func(*args, **kwargs)
  File "C:\Users\chris\Documents\sketchit\sketchit\rooms\consumers.py", line 137, in _get_runtime_sync_events
    return game_runtime.get_sync_events_for_player(join_code, player_id)
           ~~~~~~~~~~~~~~~~~~~~~~~~~~~~~~~~~~~~~~~^^^^^^^^^^^^^^^^^^^^^^
  File "C:\Users\chris\Documents\sketchit\sketchit\games\runtime.py", line 635, in get_sync_events_for_player
    turn_state = game_redis.get_turn_state(client, join_code)
  File "C:\Users\chris\Documents\sketchit\sketchit\games\redis.py", line 121, in get_turn_state
    raw = client.hgetall(_turn_state_key(join_code))
  File "C:\Users\chris\AppData\Local\Python\pythoncore-3.14-64\Lib\site-packages\redis\commands\core.py", line 5021, 
in hgetall
    return self.execute_command("HGETALL", name, keys=[name])
           ~~~~~~~~~~~~~~~~~~~~^^^^^^^^^^^^^^^^^^^^^^^^^^^^^^
  File "C:\Users\chris\AppData\Local\Python\pythoncore-3.14-64\Lib\site-packages\redis\client.py", line 621, in 
execute_command
    return self._execute_command(*args, **options)
           ~~~~~~~~~~~~~~~~~~~~~^^^^^^^^^^^^^^^^^^
  File "C:\Users\chris\AppData\Local\Python\pythoncore-3.14-64\Lib\site-packages\redis\client.py", line 627, in 
_execute_command
    conn = self.connection or pool.get_connection()
                              ~~~~~~~~~~~~~~~~~~~^^
  File "C:\Users\chris\AppData\Local\Python\pythoncore-3.14-64\Lib\site-packages\redis\utils.py", line 195, in wrapper
    return func(*args, **kwargs)
  File "C:\Users\chris\AppData\Local\Python\pythoncore-3.14-64\Lib\site-packages\redis\connection.py", line 1533, in 
get_connection
    connection.connect()
    ~~~~~~~~~~~~~~~~~~^^
  File "C:\Users\chris\AppData\Local\Python\pythoncore-3.14-64\Lib\site-packages\redis\connection.py", line 380, in 
connect
    self.connect_check_health(check_health=True)
    ~~~~~~~~~~~~~~~~~~~~~~~~~^^^^^^^^^^^^^^^^^^^
  File "C:\Users\chris\AppData\Local\Python\pythoncore-3.14-64\Lib\site-packages\redis\connection.py", line 397, in 
connect_check_health
    raise ConnectionError(self._error_message(e))
redis.exceptions.ConnectionError: Error 10061 connecting to 127.0.0.1:6379. No connection could be made because the 
target machine actively refused it.

During handling of the above exception, another exception occurred:

Traceback (most recent call last):
  File "C:\Users\chris\AppData\Local\Python\pythoncore-3.14-64\Lib\site-packages\asgiref\sync.py", line 325, in 
__call__
    return call_result.result()
           ~~~~~~~~~~~~~~~~~~^^
  File "C:\Users\chris\AppData\Local\Python\pythoncore-3.14-64\Lib\concurrent\futures\_base.py", line 443, in result
    return self.__get_result()
           ~~~~~~~~~~~~~~~~~^^
  File "C:\Users\chris\AppData\Local\Python\pythoncore-3.14-64\Lib\concurrent\futures\_base.py", line 395, in 
__get_result
    raise self._exception
  File "C:\Users\chris\AppData\Local\Python\pythoncore-3.14-64\Lib\site-packages\asgiref\sync.py", line 365, in 
main_wrap
    result = await awaitable
             ^^^^^^^^^^^^^^^
  File "C:\Users\chris\Documents\sketchit\sketchit\rooms\tests\test_consumers.py", line 249, in 
test_room_broadcast_on_join
    update = await host_communicator.receive_json_from()
             ^^^^^^^^^^^^^^^^^^^^^^^^^^^^^^^^^^^^^^^^^^^
  File "C:\Users\chris\AppData\Local\Python\pythoncore-3.14-64\Lib\site-packages\channels\testing\websocket.py", line 
104, in receive_json_from
    payload = await self.receive_from(timeout)
              ^^^^^^^^^^^^^^^^^^^^^^^^^^^^^^^^
  File "C:\Users\chris\AppData\Local\Python\pythoncore-3.14-64\Lib\site-packages\channels\testing\websocket.py", line 
79, in receive_from
    response = await self.receive_output(timeout)
               ^^^^^^^^^^^^^^^^^^^^^^^^^^^^^^^^^^
  File "C:\Users\chris\AppData\Local\Python\pythoncore-3.14-64\Lib\site-packages\channels\testing\application.py", 
line 17, in receive_output
    return await super().receive_output(timeout)
           ^^^^^^^^^^^^^^^^^^^^^^^^^^^^^^^^^^^^^
  File "C:\Users\chris\AppData\Local\Python\pythoncore-3.14-64\Lib\site-packages\asgiref\testing.py", line 106, in 
receive_output
    self.future.result()
    ~~~~~~~~~~~~~~~~~~^^
  File "C:\Users\chris\AppData\Local\Python\pythoncore-3.14-64\Lib\site-packages\channels\sessions.py", line 44, in 
__call__
    return await self.inner(dict(scope, cookies=cookies), receive, send)
           ^^^^^^^^^^^^^^^^^^^^^^^^^^^^^^^^^^^^^^^^^^^^^^^^^^^^^^^^^^^^^
  File "C:\Users\chris\AppData\Local\Python\pythoncore-3.14-64\Lib\site-packages\channels\sessions.py", line 261, in 
__call__
    return await self.inner(wrapper.scope, receive, wrapper.send)
           ^^^^^^^^^^^^^^^^^^^^^^^^^^^^^^^^^^^^^^^^^^^^^^^^^^^^^^
  File "C:\Users\chris\AppData\Local\Python\pythoncore-3.14-64\Lib\site-packages\channels\auth.py", line 185, in 
__call__
    return await super().__call__(scope, receive, send)
           ^^^^^^^^^^^^^^^^^^^^^^^^^^^^^^^^^^^^^^^^^^^^
  File "C:\Users\chris\AppData\Local\Python\pythoncore-3.14-64\Lib\site-packages\channels\middleware.py", line 24, in 
__call__
    return await self.inner(scope, receive, send)
           ^^^^^^^^^^^^^^^^^^^^^^^^^^^^^^^^^^^^^^
  File "C:\Users\chris\AppData\Local\Python\pythoncore-3.14-64\Lib\site-packages\channels\routing.py", line 118, in 
__call__
    return await application(
           ^^^^^^^^^^^^^^^^^^
    ...<10 lines>...
    )
    ^
  File "C:\Users\chris\AppData\Local\Python\pythoncore-3.14-64\Lib\site-packages\channels\consumer.py", line 95, in app
    return await consumer(scope, receive, send)
           ^^^^^^^^^^^^^^^^^^^^^^^^^^^^^^^^^^^^
  File "C:\Users\chris\AppData\Local\Python\pythoncore-3.14-64\Lib\site-packages\channels\consumer.py", line 58, in 
__call__
    await await_many_dispatch(
        [receive, self.channel_receive], self.dispatch
    )
  File "C:\Users\chris\AppData\Local\Python\pythoncore-3.14-64\Lib\site-packages\channels\utils.py", line 50, in 
await_many_dispatch
    await dispatch(result)
  File "C:\Users\chris\AppData\Local\Python\pythoncore-3.14-64\Lib\site-packages\channels\consumer.py", line 74, in 
dispatch
    await handler(message)
  File "C:\Users\chris\AppData\Local\Python\pythoncore-3.14-64\Lib\site-packages\channels\generic\websocket.py", line 
180, in websocket_connect
    await self.connect()
  File "C:\Users\chris\Documents\sketchit\sketchit\rooms\consumers.py", line 253, in connect
    except asyncio.CancelledError:
           ^^^^^^^
NameError: name 'asyncio' is not defined. Did you forget to import 'asyncio'?

======================================================================
FAIL: test_drawer_can_broadcast_stroke (rooms.tests.test_drawing.DrawingEventTests.test_drawer_can_broadcast_stroke)
----------------------------------------------------------------------
Traceback (most recent call last):
  File "C:\Users\chris\AppData\Local\Python\pythoncore-3.14-64\Lib\site-packages\asgiref\sync.py", line 325, in 
__call__
    return call_result.result()
           ~~~~~~~~~~~~~~~~~~^^
  File "C:\Users\chris\AppData\Local\Python\pythoncore-3.14-64\Lib\concurrent\futures\_base.py", line 443, in result
    return self.__get_result()
           ~~~~~~~~~~~~~~~~~^^
  File "C:\Users\chris\AppData\Local\Python\pythoncore-3.14-64\Lib\concurrent\futures\_base.py", line 395, in 
__get_result
    raise self._exception
  File "C:\Users\chris\AppData\Local\Python\pythoncore-3.14-64\Lib\site-packages\asgiref\sync.py", line 365, in 
main_wrap
    result = await awaitable
             ^^^^^^^^^^^^^^^
  File "C:\Users\chris\Documents\sketchit\sketchit\rooms\tests\test_drawing.py", line 78, in 
test_drawer_can_broadcast_stroke
    self.assertTrue(await drawer_socket.receive_nothing())
    ~~~~~~~~~~~~~~~^^^^^^^^^^^^^^^^^^^^^^^^^^^^^^^^^^^^^^^
AssertionError: False is not true

======================================================================
FAIL: test_drawing_not_allowed_in_lobby (rooms.tests.test_drawing.DrawingEventTests.test_drawing_not_allowed_in_lobby)
----------------------------------------------------------------------
Traceback (most recent call last):
  File "C:\Users\chris\AppData\Local\Python\pythoncore-3.14-64\Lib\site-packages\asgiref\sync.py", line 325, in 
__call__
    return call_result.result()
  Applying sessions.0001_initial... OK
System check identified no issues (0 silenced).
           ~~~~~~~~~~~~~~~~~~^^
  File "C:\Users\chris\AppData\Local\Python\pythoncore-3.14-64\Lib\concurrent\futures\_base.py", line 443, in result
    return self.__get_result()
           ~~~~~~~~~~~~~~~~~^^
  File "C:\Users\chris\AppData\Local\Python\pythoncore-3.14-64\Lib\concurrent\futures\_base.py", line 395, in 
__get_result
    raise self._exception
  File "C:\Users\chris\AppData\Local\Python\pythoncore-3.14-64\Lib\site-packages\asgiref\sync.py", line 365, in 
main_wrap
    result = await awaitable
             ^^^^^^^^^^^^^^^
  File "C:\Users\chris\Documents\sketchit\sketchit\rooms\tests\test_drawing.py", line 170, in 
test_drawing_not_allowed_in_lobby
    self.assertTrue(await viewer_socket.receive_nothing())
    ~~~~~~~~~~~~~~~^^^^^^^^^^^^^^^^^^^^^^^^^^^^^^^^^^^^^^^
AssertionError: False is not true

======================================================================
FAIL: test_non_drawer_cannot_broadcast_stroke 
(rooms.tests.test_drawing.DrawingEventTests.test_non_drawer_cannot_broadcast_stroke)
----------------------------------------------------------------------
Traceback (most recent call last):
  File "C:\Users\chris\AppData\Local\Python\pythoncore-3.14-64\Lib\site-packages\asgiref\sync.py", line 325, in 
__call__
    return call_result.result()
           ~~~~~~~~~~~~~~~~~~^^
  File "C:\Users\chris\AppData\Local\Python\pythoncore-3.14-64\Lib\concurrent\futures\_base.py", line 443, in result
    return self.__get_result()
           ~~~~~~~~~~~~~~~~~^^
  File "C:\Users\chris\AppData\Local\Python\pythoncore-3.14-64\Lib\concurrent\futures\_base.py", line 395, in 
__get_result
    raise self._exception
  File "C:\Users\chris\AppData\Local\Python\pythoncore-3.14-64\Lib\site-packages\asgiref\sync.py", line 365, in 
main_wrap
    result = await awaitable
             ^^^^^^^^^^^^^^^
  File "C:\Users\chris\Documents\sketchit\sketchit\rooms\tests\test_drawing.py", line 130, in 
test_non_drawer_cannot_broadcast_stroke
    self.assertTrue(await drawer_socket.receive_nothing())
    ~~~~~~~~~~~~~~~^^^^^^^^^^^^^^^^^^^^^^^^^^^^^^^^^^^^^^^
AssertionError: False is not true

======================================================================
FAIL: test_no_snapshot_sent_if_redis_empty 
(rooms.tests.test_drawing.SnapshotSyncTests.test_no_snapshot_sent_if_redis_empty)
----------------------------------------------------------------------
Traceback (most recent call last):
  File "C:\Users\chris\AppData\Local\Python\pythoncore-3.14-64\Lib\site-packages\asgiref\sync.py", line 325, in 
__call__
    return call_result.result()
           ~~~~~~~~~~~~~~~~~~^^
  File "C:\Users\chris\AppData\Local\Python\pythoncore-3.14-64\Lib\concurrent\futures\_base.py", line 443, in result
    return self.__get_result()
           ~~~~~~~~~~~~~~~~~^^
  File "C:\Users\chris\AppData\Local\Python\pythoncore-3.14-64\Lib\concurrent\futures\_base.py", line 395, in 
__get_result
    raise self._exception
  File "C:\Users\chris\AppData\Local\Python\pythoncore-3.14-64\Lib\site-packages\asgiref\sync.py", line 365, in 
main_wrap
    result = await awaitable
             ^^^^^^^^^^^^^^^
  File "C:\Users\chris\Documents\sketchit\sketchit\rooms\tests\test_drawing.py", line 286, in 
test_no_snapshot_sent_if_redis_empty
    self.assertTrue(await communicator.receive_nothing())
    ~~~~~~~~~~~~~~~^^^^^^^^^^^^^^^^^^^^^^^^^^^^^^^^^^^^^^
AssertionError: False is not true

======================================================================
FAIL: test_snapshot_isolation_between_rounds 
(rooms.tests.test_drawing.SnapshotSyncTests.test_snapshot_isolation_between_rounds)
----------------------------------------------------------------------
Traceback (most recent call last):
  File "C:\Users\chris\AppData\Local\Python\pythoncore-3.14-64\Lib\site-packages\asgiref\sync.py", line 325, in 
__call__
    return call_result.result()
           ~~~~~~~~~~~~~~~~~~^^
  File "C:\Users\chris\AppData\Local\Python\pythoncore-3.14-64\Lib\concurrent\futures\_base.py", line 443, in result
    return self.__get_result()
           ~~~~~~~~~~~~~~~~~^^
  File "C:\Users\chris\AppData\Local\Python\pythoncore-3.14-64\Lib\concurrent\futures\_base.py", line 395, in 
__get_result
    raise self._exception
  File "C:\Users\chris\AppData\Local\Python\pythoncore-3.14-64\Lib\site-packages\asgiref\sync.py", line 365, in 
main_wrap
    result = await awaitable
             ^^^^^^^^^^^^^^^
  File "C:\Users\chris\Documents\sketchit\sketchit\rooms\tests\test_drawing.py", line 278, in 
test_snapshot_isolation_between_rounds
    self.assertTrue(await viewer_socket.receive_nothing())
    ~~~~~~~~~~~~~~~^^^^^^^^^^^^^^^^^^^^^^^^^^^^^^^^^^^^^^^
AssertionError: False is not true

======================================================================
FAIL: test_correct_guess_broadcast (rooms.tests.test_guesses.GuessPipelineTests.test_correct_guess_broadcast)
----------------------------------------------------------------------
Traceback (most recent call last):
  File "C:\Users\chris\AppData\Local\Python\pythoncore-3.14-64\Lib\site-packages\asgiref\sync.py", line 325, in 
__call__
    return call_result.result()
           ~~~~~~~~~~~~~~~~~~^^
  File "C:\Users\chris\AppData\Local\Python\pythoncore-3.14-64\Lib\concurrent\futures\_base.py", line 443, in result
    return self.__get_result()
           ~~~~~~~~~~~~~~~~~^^
  File "C:\Users\chris\AppData\Local\Python\pythoncore-3.14-64\Lib\concurrent\futures\_base.py", line 395, in 
__get_result
    raise self._exception
  File "C:\Users\chris\AppData\Local\Python\pythoncore-3.14-64\Lib\site-packages\asgiref\sync.py", line 365, in 
main_wrap
    result = await awaitable
             ^^^^^^^^^^^^^^^
  File "C:\Users\chris\Documents\sketchit\sketchit\rooms\tests\test_guesses.py", line 116, in 
test_correct_guess_broadcast
    self.assertEqual(guesser_update["current_score"], 60)
    ~~~~~~~~~~~~~~~~^^^^^^^^^^^^^^^^^^^^^^^^^^^^^^^^^^^^^
AssertionError: 52 != 60

----------------------------------------------------------------------
Ran 24 tests in 12.757s

FAILED (failures=6, errors=5)
Destroying test database for alias 'default' ('file:memorydb_default?mode=memory&cache=shared')...

